data/processed/20725_timeseries.csv
date,day_of_week,day_of_year,price,demand,revenue,seasonal
2020-01-01,2,1,144.08869027119405,155,22333.746992035078,1.0261171571631211
2020-01-02,3,2,144.30915129144162,148,21357.75439113336,1.0855690557710511
2020-01-03,4,3,144.17428535669617,159,22923.711371714693,1.1017999635403113
2020-01-04,5,4,144.33014661265804,149,21505.19184528605,1.0641366522814248
2020-01-05,6,5,144.19702058450582,190,27397.433911056105,1.0024826390664472
2020-01-06,0,6,144.06323037052232,152,21897.61101631939,0.964799793107559
2020-01-07,1,7,144.13273888665339,164,23637.769177411155,0.9809916372653696
2020-01-08,2,8,143.58311075707638,165,23691.2132749176,1.0403849549257924
2020-01-09,3,9,143.0875935088294,195,27902.080734221734,1.0997665116862791
2020-01-10,4,10,142.92606513689114,170,24297.431073271495,1.1159230766292891
2020-01-11,5,11,142.6351090807665,181,25816.95474361874,1.0781814435947297
2020-01-12,6,12,142.7253829306749,162,23121.512034769334,1.016445152863088
2020-01-13,0,13,142.4645348005418,139,19802.57033727531,0.9786760980271494
2020-01-14,1,14,142.0588222323349,149,21166.7645126179,0.9947778274930734
2020-01-15,2,15,142.47985924127724,142,20232.140012261367,1.0540771513497018
2020-01-16,3,16,142.41500047002003,187,26631.605087893746,1.1133608630468785
2020-01-17,4,17,142.4343993013935,175,24926.019877743864,1.129415760660668
2020-01-18,5,18,142.02511180527617,185,26274.64568397609,1.0915686681571999
2020-01-19,6,19,141.8687269476526,151,21422.177769095542,1.029723157066879
2020-01-20,0,20,141.90059168659,164,23271.69703660076,0.9918411533468395
2020-01-21,1,21,141.56994569320761,167,23642.180930765673,1.0078262388724333
2020-01-22,2,22,141.67787248526312,177,25076.983429891574,1.067005258296619
2020-01-23,3,23,141.50532697311797,175,24763.432220295646,1.12616504071804
2020-01-24,4,24,141.42153209228135,169,23900.23892359555,1.1420924209356798
2020-01-25,5,25,141.2486797980306,166,23447.280846473077,1.104114260701825
2020-01-26,6,26,141.78078386216367,156,22117.802282497534,1.0421341703850773
2020-01-27,0,27,141.77690651361115,144,20415.874537960008,1.0041141158213
2020-01-28,1,28,141.4730578321969,146,20655.06644350075,1.0199577197932896
2020-01-29,2,29,141.70935035797544,170,24090.589560855824,1.0789918688780424
2020-01-30,3,30,141.35863853010125,180,25444.554935418226,1.1380034351024102
2020-01-31,4,31,141.4186387874497,173,24465.4245102288,1.153779297185034
2020-02-01,5,32,140.85568423451195,173,24368.033372570568,1.1156463617762937
2020-02-02,6,33,140.47413614931918,159,22335.38764774175,1.0535082851080164
2020-02-03,0,34,140.53068848824552,160,22484.91015811928,1.0153270798308305
2020-02-04,1,35,140.7428278265632,163,22941.080935729802,1.0310064164799668
2020-02-05,2,36,140.792056802884,181,25483.362281322003,1.0898732303083742
2020-02-06,3,37,140.75883451393008,210,29559.355247925316,1.148714442927953
2020-02-07,4,38,140.67233643740545,167,23492.28018504671,1.1643169835367935
2020-02-08,5,39,140.24760133737337,180,25244.568240727207,1.1260078101441688
2020-02-09,6,40,140.04081164885204,155,21706.325805572065,1.0636906312050243
2020-02-10,0,41,139.90848392174556,154,21545.906523948815,1.0253275124418566
2020-02-11,1,42,140.21216348648957,161,22574.15832132482,1.0408221782947882
2020-02-12,2,43,140.31087473295295,162,22730.36170673838,1.0995016187387112
2020-02-13,3,44,139.80440608275558,193,26982.250373971827,1.1581528109083026
2020-02-14,4,45,139.89750570390188,175,24482.06349818283,1.1735627403088138
2020-02-15,5,46,139.78688309432368,185,25860.573372449882,1.1350584220243751
2020-02-16,6,47,139.59242367107058,164,22893.157482055576,1.072543622335575
2020-02-17,0,48,139.76813995491398,147,20545.916573372353,1.0339804655242038
2020-02-18,1,49,140.06431524900717,149,20869.582972102067,1.0492727353059743
2020-02-19,2,50,140.33184414416576,180,25259.731945949836,1.1077474816301027
2020-02-20,3,51,140.0907620764002,183,25636.60945998124,1.1661917422865518
2020-02-21,4,52,140.0019346188149,197,27580.38111990653,1.1813925640988452
2020-02-22,5,53,140.0970966844391,208,29140.196110363333,1.1426770241142057
2020-02-23,6,54,140.377341591078,156,21898.865288208166,1.0799489512027702
2020-02-24,0,55,140.2396891792979,165,23139.548714584154,1.0411705328437866
2020-02-25,1,56,140.18635491403913,158,22149.44407641818,1.0562456165396101
2020-02-26,2,57,139.86853800031392,185,25875.679530058074,1.1145013165963824
2020-02-27,3,58,139.52490365233126,197,27486.406019509257,1.1727247357122017
2020-02-28,4,59,139.75831799361373,191,26693.83873678022,1.187702986150707
2020-02-29,5,60,140.14792514721404,183,25647.07030194017,1.1487632109118224
2020-03-01,6,61,140.12723879530856,172,24101.885072793073,1.08580930531143
2020-03-02,0,62,140.4155237505196,171,24011.054561338853,1.046803523747876
2020-03-03,1,63,140.5194109529248,153,21499.469875797495,1.061649781096143
2020-03-04,2,64,140.334087362684,177,24839.133463195067,1.1196752594685548
2020-03-05,3,65,140.43790549975384,171,24014.881840457907,1.1776671297828654
2020-03-06,4,66,140.8797373555983,188,26485.390622852483,1.1924125729156203
2020-03-07,5,67,140.8694456072143,186,26201.71688294186,1.1532388008525725
2020-03-08,6,68,141.31892088319685,165,23317.621945727482,1.0900497782479124
2020-03-09,0,69,140.5663465514701,146,20522.686596514635,1.0508078291702312
2020-03-10,1,70,140.80245453274244,173,24358.824634164444,1.0654169384760404
2020-03-11,2,71,140.8274605492079,164,23095.703530070095,1.123204358549748
2020-03-12,3,72,140.74156468987144,160,22518.65035037943,1.1809573308509194
2020-03-13,4,73,140.76792481359956,171,24071.315143125525,1.195463107046737
2020-03-14,5,74,140.19695577339348,168,23553.088569930107,1.1560489701414403
2020-03-15,6,75,140.13385061712071,145,20319.408339482503,1.0926189560145088
2020-03-16,0,76,140.2364383667598,139,19492.864932979614,1.0531354601455238
2020-03-17,1,77,140.66099307681463,154,21661.792933829453,1.0675025389665236
2020-03-18,2,78,140.51210956041362,192,26978.325035599417,1.1250475165807736
2020-03-19,3,79,140.27985355506684,184,25811.493054132297,1.1825577062887696
2020-03-20,4,80,140.13571377934005,179,25084.29276650187,1.1968204316994182
2020-03-21,5,81,140.3986814000889,181,25412.16133341609,1.1571630478381512
2020-03-22,6,82,140.49312175089642,168,23602.8444541506,1.093489662663772
2020-03-23,0,83,140.34093750568,165,23156.2546884372,1.0537627437719537
2020-03-24,1,84,140.4883838716907,151,21213.745964625297,1.0678864197262312
2020-03-25,2,85,140.5162713450606,161,22623.119686554757,1.125188086755391
2020-03-26,3,86,140.79453404905144,162,22808.714515946333,1.182455130258109
2020-03-27,4,87,140.59285521505473,196,27556.199622150725,1.1964749458927568
2020-03-28,5,88,140.49872769073068,185,25992.264622785176,1.1565749606641773
2020-03-29,6,89,140.3860867582799,193,27094.51474434802,1.0926593544191943
2020-03-30,0,90,139.96566273216254,160,22394.506037146006,1.0526906665288098
2020-03-31,1,91,140.05072922175142,167,23388.471780032487,1.066573097197934
2020-04-01,2,92,140.1257225853034,175,24522.001452428096,1.1236341141415356
2020-04-02,3,93,140.12719152829695,161,22560.47783605581,1.1806611740681061
2020-04-03,4,94,140.05980166855224,167,23389.986878648226,1.1944417437483295
2020-04-04,5,95,139.6532080313769,191,26673.762733992986,1.154303321080787
2020-04-05,6,96,139.53236922450978,134,18697.33747608431,1.090150156566462
2020-04-06,0,97,139.4339176049818,154,21472.823311167194,1.049944859970002
2020-04-07,1,98,139.2034473661782,145,20184.49986809584,1.0635917016085776
2020-04-08,2,99,139.15711481020375,177,24630.809321406065,1.1204182190072765
2020-04-09,3,100,139.27318652385105,179,24929.90038776934,1.1772119383618627
2020-04-10,4,101,139.8150312597759,189,26425.040908097646,1.1907603955868693
2020-04-11,5,102,139.86518223844215,202,28252.766812165315,1.1503911573608068
2020-04-12,6,103,139.93916875448969,157,21970.449494454882,1.086008542580292
2020-04-13,0,104,139.91778267184367,145,20288.078487417333,1.0455752290010352
2020-04-14,1,105,139.3665771508043,161,22438.01892127949,1.0589955545065628
2020-04-15,2,106,139.35896050822842,191,26617.561457071628,1.115597123743578
2020-04-16,3,107,139.37626284421728,195,27178.37125462237,1.172167529564842
2020-04-17,4,108,140.08387855224586,161,22553.504446911586,1.1854943740575081
2020-04-18,5,109,140.02861900646238,163,22824.66489805337,1.144905289568722
2020-04-19,6,110,140.11524452941362,162,22698.669613765007,1.0803046601402906
2020-04-20,0,111,140.10527287726768,166,23257.475297626435,1.039655228130371
2020-04-21,1,112,139.76954666795356,147,20546.123360189173,1.052861395463045
2020-04-22,2,113,140.09784544579003,195,27319.079861929054,1.1092508302447046
2020-04-23,3,114,140.3138532927726,185,25958.06285916293,1.1656111881881277
2020-04-24,4,115,140.5410930872057,168,23610.903638650558,1.1787301336221874
2020-04-25,5,116,140.27985329902765,172,24128.134767432755,1.1379353604990061
2020-04-26,6,117,140.68283410408947,161,22649.936290758404,1.0731313138103742
2020-04-27,0,118,140.28012426597797,153,21462.85901269463,1.0322807961913723
2020-04-28,1,119,140.44871073818717,160,22471.793718109948,1.045288269152087
2020-04-29,2,120,141.07796305597856,175,24688.643534796247,1.1014814596763416
2020-04-30,3,121,140.79341162699694,183,25765.19432774044,1.1576480816283234
2020-05-01,4,122,140.63073124456247,165,23204.070655352807,1.1705758567450604
2020-05-02,5,123,140.65935809813286,186,26162.64060625271,1.129592535626566
2020-05-03,6,124,140.51472461705652,138,19391.031997153797,1.0646026191354698
2020-05-04,0,125,140.069265441068,143,20029.904958072726,1.0235689649840867
2020-05-05,1,126,140.0889615309148,153,21433.611114229963,1.0363960889498107
2020-05-06,2,127,139.7837934799467,177,24741.731445950565,1.0924117714577657
2020-05-07,3,128,139.91984240563787,192,26864.609741882472,1.1484037789715933
2020-05-08,4,129,139.65571935123396,173,24160.439447763474,1.1611598849703475
2020-05-09,5,130,140.10096909986615,175,24517.669592476577,1.1200078909233087
2020-05-10,6,131,139.87596388003294,147,20561.766690364842,1.0548523476745326
2020-05-11,0,132,139.78344524913445,156,21806.217458864972,1.0136561620151199
2020-05-12,1,133,140.01714438851042,154,21562.640235830604,1.026323897884057
2020-05-13,2,134,139.66355392318596,182,25418.766814019844,1.0821833829366
2020-05-14,3,135,139.72889635211618,188,26269.032514197843,1.1380224299210675
2020-05-15,4,136,140.10439932881414,175,24518.269882542474,1.150628857642021
2020-05-16,5,137,139.64261752449914,183,25554.599006983342,1.1093305119216421
2020-05-17,6,138,139.69565730401135,164,22910.08779785786,1.0440319869711503
2020-05-18,0,139,139.77031384975828,188,26276.819003754557,1.0026962319502073
2020-05-19,1,140,139.99490815259256,139,19459.292233210366,1.0152278521552125
2020-05-20,2,141,139.63956924837444,165,23040.528925981784,1.070954715575433
2020-05-21,3,142,139.26024159866733,155,21585.337447793438,1.1266646742578388
2020-05-22,4,143,139.4101797832378,162,22584.449124884522,1.1391455852586412
2020-05-23,5,144,139.4954945879654,180,25109.18902583377,1.0977253315933349
2020-05-24,6,145,139.56745368396946,156,21772.522774699235,1.0323085435970936
2020-05-25,0,146,139.6669778816989,153,21369.04761589993,0.990858205473472
2020-05-26,1,147,139.47162713952147,168,23431.233359439608,1.0032789564723166
2020-05-27,2,148,139.53834667290627,172,24000.59562773988,1.0588986974358334
2020-05-28,3,149,139.62253761972624,163,22758.47363201538,1.1145053121536863
2020-05-29,4,150,139.4173258454204,174,24258.614697103152,1.1268866883051345
2020-05-30,5,151,139.95330700010817,175,24491.828725018928,1.0853707383999986
2020-05-31,6,152,140.08942501145538,163,22834.576276867225,1.019862121130309
2020-06-01,0,153,139.74719918502234,129,18027.38869486788,0.9783238479106209
2020-06-02,1,154,139.9358073791894,139,19451.07722570733,0.9906605840478448
2020-06-03,2,155,139.65581051786404,163,22763.897114411837,1.0462002552796046
2020-06-04,3,156,139.8819163587526,138,19303.704457507858,1.1017307691219524
2020-06-05,4,157,140.21474617958205,181,25378.86905850435,1.1140400358044797
2020-06-06,5,158,139.9789887212212,143,20016.995387134633,1.0724559892045995
2020-06-07,6,159,140.2557378391166,151,21178.616413706604,1.0068833081928623
2020-06-08,0,160,140.3743174405266,144,20213.90171143583,0.965285023167293
2020-06-09,1,161,140.61047071153806,157,22075.843901711476,0.9775658172175955
2020-06-10,2,162,141.15536254437947,146,20608.6829314794,1.033053632658238
2020-06-11,3,163,141.08486988571346,174,24548.767360114143,1.0885363923712683
2020-06-12,4,164,140.8683440529887,161,22679.803392531183,1.100802020736855
2020-06-13,5,165,140.61281318993196,156,21935.598857629386,1.059178464563383
2020-06-14,6,166,140.37845532089148,158,22179.795940700853,0.9935704144289477
2020-06-15,0,167,140.35630630824642,136,19088.457657921514,0.9519409112122015
2020-06-16,1,168,140.45430905632452,153,21489.509285617652,0.9641946472534779
2020-06-17,2,169,140.53379403869002,163,22907.00842830647,1.0196595728851148
2020-06-18,3,170,140.77141901979488,178,25057.312585523487,1.0751236177719046
2020-06-19,4,171,140.77515407404726,171,24072.551346662083,1.0873747118396222
2020-06-20,5,172,141.1927108947666,174,24567.531695689388,1.04574080620348
2020-06-21,6,173,141.11668291055545,135,19050.752192924985,0.9801265945083419
2020-06-22,0,174,141.89810606868411,166,23555.085607401565,0.9384951194586647
2020-06-23,1,175,142.07784156485602,141,20032.975660644697,0.9507510739790754
2020-06-24,2,176,141.83160586268886,152,21558.40409112871,1.0062224077445314
2020-06-25,3,177,141.52397051113448,190,26889.55439711555,1.0616970485209574
2020-06-26,4,178,141.66257039053167,147,20824.397847408156,1.0739629230943364
2020-06-27,5,179,141.59837622291212,176,24921.314215232534,1.0323479782000975
2020-06-28,6,180,141.8034871872785,140,19852.48820621899,0.9667569018646274
2020-06-29,0,181,141.93943418781126,157,22284.49116748637,0.9251527299368777
2020-06-30,1,182,141.91851262174455,164,23274.636069966105,0.9374401472509706
2020-07-01,2,183,141.67525414003546,162,22951.391170685743,0.9929470941587583
2020-07-02,3,184,141.24008388778213,176,24858.254764249657,1.048461487873224
2020-07-03,4,185,141.1118135109683,175,24694.56736441945,1.0607712434006942
2020-07-04,5,186,141.35783124350397,144,20355.527699064573,1.0192042944737283
2020-07-05,6,187,141.4193339661025,117,16546.06207403399,0.9536653148964698
2020-07-06,0,188,141.06147051311552,125,17632.68381413944,0.9121173250804748
2020-07-07,1,189,141.11122020797583,155,21872.239132236253,0.9244649932118976
2020-07-08,2,190,141.2219103545475,151,21324.508463536673,0.9800362417889726
2020-07-09,3,191,140.96800457632796,169,23823.592773399425,1.0356189689707038
2020-07-10,4,192,141.01216519664783,165,23267.00725744689,1.0480010695147437
2020-07-11,5,193,141.0288868186548,148,20872.27524916091,1.0065104557162599
2020-07-12,6,194,140.70054567327747,152,21386.482942338174,0.9410517787596497
2020-07-13,0,195,140.80332726954578,144,20275.67912681459,0.8995880352610711
2020-07-14,1,196,140.96442387375947,127,17902.481831967452,0.9120238684426722
2020-07-15,2,197,141.2755520687453,130,18365.82176893689,0.967687174677484
2020-07-16,3,198,141.57827784685418,169,23926.728956118357,1.0233658248458402
2020-07-17,4,199,141.18251468565495,162,22871.567379076103,1.0358476852813407
2020-07-18,5,200,140.91310563070954,158,22264.27068965211,0.9944606387181433
2020-07-19,6,201,141.06105984252585,138,19466.426258268566,0.9291093056514396
2020-07-20,0,202,141.20865516317545,139,19628.003067681388,0.8877566508890765
2020-07-21,1,203,141.3566129426266,148,20920.77871550874,0.900307284735213
2020-07-22,2,204,142.4633873468905,155,22081.825038768027,0.9560890695449613
2020-07-23,3,205,142.62738709782172,186,26528.694000194842,1.0118898410909003
2020-07-24,4,206,142.9536011067559,150,21443.040166013387,1.0244974295194293
2020-07-25,5,207,143.2276572500449,142,20338.327329506377,0.9832396803087894
2020-07-26,6,208,143.41478245351558,138,19791.239978585152,0.9180211756405737
2020-07-27,0,209,143.3242150388733,150,21498.632255830995,0.876804840962707
2020-07-28,1,210,143.54224417194513,131,18804.033986524813,0.8894952461847707
2020-07-29,2,211,143.3202346266408,151,21641.35542862276,0.9454202122445978
2020-07-30,3,212,143.25220373140996,157,22490.595985831365,1.001367532487073
2020-07-31,4,213,143.112773316183,166,23756.72037048638,1.0141249936330543
2020-08-01,5,214,143.13629330506978,151,21613.580289065536,0.9730203967502621
2020-08-02,6,215,143.80122540906362,142,20419.774008087035,0.9079582786379503
2020-08-03,0,216,143.264816026228,134,19197.485347514554,0.8669015184033323
2020-08-04,1,217,143.461958031897,136,19510.826292337995,0.8797546386706345
2020-08-05,2,218,142.99867304774685,149,21306.80228411428,0.9358454121617141
2020-08-06,3,219,142.8631011526176,143,20429.423464824315,0.9919615830891356
2020-08-07,4,220,143.17592405531784,153,21905.91638046363,1.004890888139654
2020-08-08,5,221,143.19438978022316,122,17469.715553187227,0.9639610774599309
2020-08-09,6,222,142.88478597382385,148,21146.94832412593,0.8990766360562951
2020-08-10,0,223,142.67930063475876,141,20117.781389500986,0.8582003903865225
2020-08-11,1,224,142.87452872047942,131,18716.563262382802,0.871236809584473
2020-08-12,2,225,142.66471625478496,135,19259.73669439597,0.9275136120565752
2020-08-13,3,226,142.72689832667695,130,18554.496782468002,0.983818486890992
2020-08-14,4,227,142.73998975183414,156,22267.438401286126,0.9969391148574389
2020-08-15,5,228,142.55280448125694,151,21525.4734766698,0.9562031894094687
2020-08-16,6,229,143.1686954271985,140,20043.617359807788,0.8915151381010304
2020-08-17,0,230,143.35080138240957,114,16341.99135759469,0.8508377291952759
2020-08-18,1,231,142.769038551199,145,20701.510589923855,0.8640753729064423
2020-08-19,2,232,142.82260129328262,143,20423.631984939413,0.9205557280137919
2020-08-20,3,233,142.63248985622283,137,19540.65111030253,0.977066423288448
