data/processed/20725_timeseries.csv
date,day_of_week,day_of_year,price,demand,revenue,seasonal
2020-08-21,4,234,142.87736843096445,145,20717.218422489845,0.9903950785110877
2020-08-22,5,235,142.6497009513404,137,19543.009030333636,0.949869325492297
2020-08-23,6,236,142.61674060698215,128,18254.942797693715,0.8853935295074037
2020-08-24,0,237,142.76180833262308,120,17131.41699991477,0.844930395923721
2020-08-25,1,238,143.01051387869867,146,20879.535026290006,0.8583842714610839
2020-08-26,2,239,142.66570465851774,128,18261.21019629027,0.9150827508245997
2020-08-27,3,240,142.56961246862042,147,20957.7330328872,0.9718133981504679
2020-08-28,4,241,142.4331749008602,135,19228.478611616127,0.9853637680428251
2020-08-29,5,242,142.24549297339553,153,21763.560424929517,0.945061426613413
2020-08-30,6,243,142.75265511791088,132,18843.350475564235,0.8808106729358868
2020-08-31,0,244,142.86899423808413,137,19573.052210617527,0.8405741456926669
2020-09-01,1,245,142.50678002959592,134,19095.908523965853,0.8542561244552388
2020-09-02,2,246,142.77045428566908,148,21130.027234279023,0.9111841363368007
2020-09-03,3,247,143.38008622249123,177,25378.275261380946,0.9681456774581129
2020-09-04,4,248,143.67668257924265,123,17672.231957246848,0.9819282340044979
2020-09-05,5,249,143.2402130788365,134,19194.18855256409,0.9418593032857837
2020-09-06,6,250,143.10110712794923,152,21751.368283448282,0.8778431152109901
2020-09-07,0,251,143.4650527690606,119,17072.341279518212,0.8378422389556872
2020-09-08,1,252,143.26176051961997,128,18337.505346511356,0.8517608842628899
2020-09-09,2,253,143.38925655311692,115,16489.764503608447,0.9089265081163903
2020-09-10,3,254,143.61178572367717,112,16084.520001051844,0.9661265362273944
2020-09-11,4,255,143.34550635202532,168,24082.045067140254,0.9801483841123787
2020-09-12,5,256,143.32840649945223,144,20639.29053592112,0.9403194781739873
2020-09-13,6,257,142.39728743806253,129,18369.250079510068,0.8765439771967164
2020-09-14,0,258,142.10301153946355,150,21315.451730919533,0.8367843790353553
2020-09-15,1,259,142.03045627160432,128,18179.898402765353,0.8509448219370099
2020-09-16,2,260,141.6720055227734,131,18559.032723483313,0.908352691235629
2020-09-17,3,261,142.14094841505772,136,19331.16898444785,0.9657953408598656
2020-09-18,4,262,141.7301116164267,149,21117.78663084758,0.980060114432205
2020-09-19,5,263,141.60370001058422,148,20957.347601566464,0.9404743663711652
2020-09-20,6,264,141.64125786399026,118,16713.66842795085,0.8769421834083176
2020-09-21,0,265,142.05529252738606,118,16762.524518231556,0.8374259912980729
2020-09-22,1,266,141.64281232189254,144,20396.564974352525,0.8518298561610704
2020-09-23,2,267,141.97695444209356,140,19876.7736218931,0.9094810912000799
2020-09-24,3,268,141.97989409414075,163,23142.722737344942,0.9671669782292267
2020-09-25,4,269,141.69793604562935,127,17995.63787779493,0.9816747887945106
2020-09-26,5,270,141.83068453814084,146,20707.279942568563,0.9423318052973427
2020-09-27,6,271,141.88786842871707,133,18871.08650101937,0.8790420425329123
2020-09-28,0,272,141.71544409074858,142,20123.5930608863,0.8397678544212929
2020-09-29,1,273,141.73549613985156,130,18425.614498180705,0.8544132353721202
2020-09-30,2,274,141.62480707998432,145,20535.597026597727,0.9123054270217299
2020-10-01,3,275,141.65741721450027,125,17707.177151812535,0.9702316397836069
2020-10-02,4,276,141.8476275327162,163,23121.16328783274,0.984979073990048
2020-10-03,5,277,142.30324267773722,133,18926.331276139048,0.9458749410368086
2020-10-04,6,278,141.94765534583368,122,17317.61395219171,0.8828231849425074
2020-10-05,0,279,142.56041197012388,138,19673.336851877095,0.8437860891007047
2020-10-06,1,280,141.99963559195479,121,17181.95590662653,0.8586675776654783
2020-10-07,2,281,141.9560322786843,131,18596.240228507642,0.9167948223093838
2020-10-08,3,282,142.1250381975511,109,15491.62916353307,0.9749549637946319
2020-10-09,4,283,142.2057587480929,150,21330.863812213935,0.9899351331353897
2020-10-10,5,284,142.02687582003094,147,20877.95074554455,0.9510624727629666
2020-10-11,6,285,141.96708852880343,119,16894.08353492761,0.8882408581056627
2020-10-12,0,286,141.82546412100805,142,20139.215905183144,0.849432504361163
2020-10-13,1,287,141.65615727225847,122,17282.051187215533,0.8645412679023262
2020-10-14,2,288,141.90022251715618,134,19014.629817298926,0.9228942530552237
2020-10-15,3,289,142.00278237702454,153,21726.425703684756,0.9812785336902881
2020-10-16,4,290,141.80373019641877,165,23397.615482409095,0.9964811744044122
2020-10-17,5,291,142.06215830609202,167,23724.38043711737,0.9578292517058424
2020-10-18,6,292,142.1504362577151,124,17626.654095956674,0.8952265756135348
2020-10-19,0,293,142.38394720689723,142,20218.52050337941,0.8566352964489597
2020-10-20,1,294,142.56482072173148,119,16965.213665886047,0.8719592062610871
2020-10-21,2,295,142.32667527568196,130,18502.467785838657,0.930525345623513
2020-10-22,3,296,142.16575203497658,157,22320.023069491323,0.9891207252444678
2020-10-23,4,297,142.38042711332727,151,21499.444494112417,1.0045323471676633
2020-10-24,5,298,142.55576821574877,127,18104.582563400094,0.9660872259757016
2020-10-25,6,299,142.54976381360865,149,21239.914808227688,0.9036891104077981
2020-10-26,0,300,142.5834684579838,137,19533.93517874378,0.8653000901697122
2020-10-27,1,301,142.95050332852048,150,21442.57549927807,0.880823897376736
2020-10-28,2,302,142.78056258049628,130,18561.473135464516,0.9395875133685521
2020-10-29,3,303,142.93772727769553,154,22012.41000076511,0.9983778903368048
2020-10-30,4,304,142.87964338241582,163,23289.38187133378,1.0139819725432828
2020-10-31,5,305,142.8171100902293,128,18280.59009154935,0.9757267175404523
2020-11-01,6,306,143.13275578179304,127,18177.859984287716,0.9135158178060736
2020-11-02,0,307,143.3698731854161,145,20788.631611885336,0.8753113075698264
2020-11-03,1,308,143.60357014689174,143,20535.310531005518,0.8910168642726992
2020-11-04,2,309,143.9785951213993,143,20588.939102360102,0.9499594153980772
2020-11-05,3,310,143.9846288962333,151,21741.678963331226,1.0089258601152586
2020-11-06,4,311,144.18053356682134,155,22347.98270285731,1.0247030905133674
2020-11-07,5,312,144.09140321721756,143,20605.070660062112,0.9866180128373208
2020-11-08,6,313,144.18452650456007,147,21195.12539617033,0.9245742691376614
2020-11-09,0,314,144.14714030159828,116,16721.068274985402,0.8865338441121285
2020-11-10,1,315,144.1750043382256,122,17589.350529263524,0.9024003665797229
2020-11-11,2,316,144.34597513228928,143,20641.474443917366,0.9615007163262003
2020-11-12,3,317,144.11092482799512,160,23057.74797247922,1.0206217457617253
2020-11-13,4,318,144.71200504501863,151,21851.512761797814,1.0365503011686252
2020-11-14,5,319,144.42300637205395,150,21663.450955808094,0.9986132439509543
2020-11-15,6,320,144.07420633710686,146,21034.8341252176,0.9367141722976069
2020-11-16,0,321,144.40689691655643,142,20505.779362151014,0.8988150280368604
2020-11-17,1,322,144.6343179056947,144,20827.341778420036,0.9148193981231854
2020-11-18,2,323,144.81360884262676,134,19405.023584911985,0.9740541214951041
2020-11-19,3,324,144.9941136944117,145,21024.146485689696,1.033306010744985
2020-11-20,4,325,144.99059556324823,149,21603.598738923985,1.049361873378565
2020-11-21,5,326,144.73284124663334,160,23157.254599461336,1.0115485330760188
2020-11-22,6,327,144.75461762657022,136,19686.62799721355,0.9497695513662476
2020-11-23,0,328,144.5600893414647,143,20672.092775829453,0.9119868344922862
2020-11-24,1,329,144.84021204522884,155,22450.23286701047,0.9281039349086613
2020-11-25,2,330,144.79796686250603,160,23167.674698000963,0.9874476581494676
2020-11-26,3,331,144.56082623372936,149,21539.563108825674,1.046804784508049
2020-11-27,4,332,144.46850170389976,167,24126.23978455126,1.0629620903061274
2020-11-28,5,333,144.58712454730744,137,19808.43606298112,1.0252463691640712
2020-11-29,6,334,144.42518336152486,144,20797.22640405958,0.963561153684123
2020-11-30,0,335,144.1889840596311,142,20474.83573646762,0.92586832232436
2020-12-01,1,336,144.2589880993572,140,20196.25833391001,0.9420714009042847
2020-12-02,2,337,144.3293596607964,143,20639.098431493883,1.0014971694808112
2020-12-03,3,338,144.18373006468312,152,21915.926969831835,1.0609323840354803
2020-12-04,4,339,144.04841486263732,173,24920.375771236257,1.0771637977507953
2020-12-05,5,340,144.1150758619313,166,23923.102593080595,1.039518182287353
2020-12-06,6,341,143.69908458709887,162,23279.251703110018,0.977899049473553
2020-12-07,0,342,143.29476238499703,159,22783.867219214528,0.9402682581857763
2020-12-08,1,343,143.08837487086524,153,21892.52135524238,0.9565293158597008
2020-12-09,2,344,143.02705789490915,135,19308.652815812737,1.0160089853717855
2020-12-10,3,345,143.11637232975377,156,22326.15408344159,1.0754940067315581
2020-12-11,4,346,143.54019799786798,158,22679.35128366314,1.0917711183626924
2020-12-12,5,347,143.7865779287905,169,24299.931669965597,1.0541670783845072
2020-12-13,6,348,143.74063237778378,169,24292.16687184546,0.9925853863056944
2020-12-14,0,349,143.73516959060956,151,21704.010608182045,0.9549878899081264
2020-12-15,1,350,143.44717292045607,165,23668.78353187525,0.9712780867614916
2020-12-16,2,351,143.44185465077942,135,19364.65037785522,1.0307827311076774
2020-12-17,3,352,143.35893166642367,178,25517.889836623413,1.0902885555556427
2020-12-18,4,353,143.4516390464291,184,26395.101584542957,1.1065822923646447
2020-12-19,5,354,143.21400036411774,138,19763.532050248246,1.0689906947276007
2020-12-20,6,355,143.36319306812527,157,22508.021311695666,1.007417258466277
2020-12-21,0,356,143.80350306674453,128,18406.8483925433,0.9698238289161678
2020-12-22,1,357,143.7722595324344,156,22428.472487059764,0.9861139024418651
2020-12-23,2,358,143.88765928271295,176,25324.228033757478,1.0456142333217995
2020-12-24,3,359,144.0859169882227,168,24206.43405402141,1.1051115554431026
2020-12-25,4,360,143.97065835942203,163,23467.21731258579,1.1213926035844548
2020-12-26,5,361,144.0350334199881,175,25206.13084849792,1.0837841346987047
2020-12-27,6,362,144.038650839709,173,24918.686595269657,1.0221896496069323
2020-12-28,0,363,144.0667102583434,153,22042.20666952654,0.9845709998818428
2020-12-29,1,364,143.84464769180013,155,22295.92039222902,1.0008316893613232
2020-12-30,2,365,143.851688731016,150,21577.7533096524,1.0602984810309286
2020-12-31,3,366,143.99474872973497,150,21599.212309460243,1.1197581187161847
2021-01-01,4,1,144.41161884017853,171,24694.38682167053,1.135997348362475
2021-01-02,5,2,144.68718862739144,195,28214.00178234133,1.098342939314377
2021-01-03,6,3,145.30573347991083,165,23975.446024185287,1.0366984060060325
2021-01-04,0,4,145.08529749992135,155,22488.22111248781,0.9990256148405142
2021-01-05,1,5,145.3358891010686,143,20783.03214145281,1.0152280856989822
2021-01-06,2,6,145.38855776995192,160,23262.169243192307,1.0746325988184313
2021-01-07,3,7,146.01762258870352,153,22340.69625607164,1.1340259164788526
2021-01-08,4,8,145.7854226922375,172,25075.09270306485,1.150194804277704
2021-01-09,5,9,145.54419574873484,171,24888.057473033656,1.1124660524033563
2021-01-10,6,10,145.37200818786002,146,21224.313195427563,1.0507431973193386
2021-01-11,0,11,144.76187653692784,142,20556.186468243755,1.0129881286371554
2021-01-12,1,12,144.6108428606073,137,19811.6854719032,1.0291043906185715
2021-01-13,2,13,144.39276677581233,177,25557.51971931878,1.0884187890461376
2021-01-14,3,14,144.43597040779028,174,25131.85885095551,1.1477181129027636
2021-01-15,4,15,144.5341466672602,201,29051.363480119297,1.1637891556383029
2021-01-16,5,16,145.0731143757307,148,21470.820927608147,1.125958736434737
2021-01-17,6,17,145.3461426882041,142,20639.152261724983,1.0641304218818066
2021-01-18,0,18,145.18041554076024,154,22357.783993277077,1.0262661328409466
2021-01-19,1,19,144.92232790473489,157,22752.80548104338,1.042269445938263
2021-01-20,2,20,145.0636415543652,157,22774.99172403534,1.101467200425496
2021-01-21,3,21,144.68437808253125,172,24885.713030195377,1.1606462198496796
2021-01-22,4,22,145.21050135103027,198,28751.679267503994,1.1765933333094647
2021-01-23,5,23,145.54931918459656,175,25471.130857304397,1.13863539670975
2021-01-24,6,24,145.41453906713627,175,25447.544336748848,1.0766760144264333
2021-01-25,0,25,144.9224068091636,161,23332.50749627534,1.0386771461591455
2021-01-26,1,26,145.31133380654217,149,21651.388737174784,1.0545424084127253
2021-01-27,2,27,145.27842993839008,171,24842.611519464703,1.1135986813463508
2021-01-28,3,28,145.6340175038863,157,22864.54074811015,1.1726328304311049
2021-01-29,4,29,145.17598617559767,177,25696.149553080788,1.188431727693835
2021-01-30,5,30,145.00380367713666,155,22475.58956995618,1.1503222729591016
2021-01-31,6,31,145.00531003506632,174,25230.92394610154,1.0882081155008998
2021-02-01,0,32,145.01880615302886,136,19722.557636811925,1.0500512608820838
2021-02-02,1,33,144.88951581829247,187,27094.33945802069,1.0657553724222548
2021-02-03,2,34,145.06844195537,176,25532.045784145117,1.124647378033026
2021-02-04,3,35,144.76174657117932,182,26346.637875954635,1.1835141918614356
2021-02-05,4,36,144.72084520805652,186,26918.077208698513,1.1991427355193782
2021-02-06,5,37,144.75540254132682,179,25911.2170548975,1.1608599593108626
2021-02-07,6,38,144.90318541575672,174,25213.15426234167,1.09856956386878
2021-02-08,0,39,145.10761106407207,179,25974.262380468903,1.0602336069790912
2021-02-09,1,40,144.78453506351946,163,23599.87921535367,1.07575580503328
2021-02-10,2,41,144.34382999452953,163,23528.044289108315,1.1344631398478504
2021-02-11,3,42,144.71086829108057,183,26482.088897267746,1.1931425802917741
2021-02-12,4,43,144.80633215704927,164,23748.23847375608,1.2085811034997271
2021-02-13,5,44,144.59131438521484,170,24580.523445486524,1.1701057160828803
2021-02-14,6,45,145.03691390539834,172,24946.349191728514,1.1076201757489836
2021-02-15,0,46,145.07014376446548,168,24371.784152430202,1.0690865981096422
2021-02-16,1,47,145.40892053660966,169,24574.107570687032,1.084408758115626
2021-02-17,2,48,145.42831657477655,164,23850.243918263353,1.142913696859035
2021-02-18,3,49,146.02030775361462,178,25991.6147801434,1.2013884431831625
2021-02-19,4,50,146.5245646217321,204,29891.01118283335,1.2166200348779768
2021-02-20,5,51,146.45304467600414,169,24750.5645502447,1.1779355398729097
2021-02-21,6,52,146.73214792081913,161,23623.87581525188,1.1152387778388124
2021-02-22,0,53,146.91754510820707,168,24682.14757817879,1.0764919269768367
2021-02-23,1,54,147.3107119770685,157,23127.781780399757,1.0915988254352103
2021-02-24,2,55,147.03351835720835,168,24701.631084011,1.1498865780926735
2021-02-25,3,56,147.2306004008898,199,29298.889479777074,1.2081422781494435
2021-02-26,4,57,147.53465406612258,165,24343.217920910225,1.2231530283036263
2021-02-27,5,58,147.02942086934704,182,26759.35459822116,1.1842459619247767
2021-02-28,6,59,146.68950612609996,161,23617.010486302093,1.12132496463643
2021-03-01,0,60,146.10369577721613,158,23084.38393280015,1.0823522810854973
2021-03-02,1,61,146.0263032598761,171,24970.497857438815,1.097231816339299
2021-03-03,2,62,146.23243166633762,167,24420.81608827838,1.1552907426492043
2021-03-04,3,63,146.66401386596883,188,27572.83460680214,1.2133162210216153
2021-03-05,4,64,146.685299077943,182,26696.724432185627,1.2280954223742895
2021-03-06,5,65,147.15315156249758,177,26046.10782656207,1.1889555486896877
2021-03-07,6,66,146.75668973458548,163,23921.34042673743,1.125800554577178
2021-03-08,0,67,146.26735896001068,148,21647.56912608158,1.0865927540219797
2021-03-09,1,68,146.2514017692478,175,25593.995309618364,1.1012361217616558
2021-03-10,2,69,146.36173227358717,165,24149.68582514188,1.1590579000291001
2021-03-11,3,70,146.35234005135933,174,25465.307168936524,1.2168453201028098
2021-03-12,4,71,145.75842583642586,188,27402.584057248063,1.2313856234423444
2021-03-13,5,72,145.7328243173792,214,31186.82440391915,1.1920060828208057
2021-03-14,6,73,145.35808928645278,165,23984.08473226471,1.1286107238660468
2021-03-15,0,74,145.55046615934958,165,24015.82691629268,1.0891619317885766
2021-03-16,1,75,145.65577885929045,167,24324.515069501504,1.1035637527369475
2021-03-17,2,76,145.38577953722108,185,26896.3692143859,1.161143500519582
2021-03-18,3,77,145.2381609573419,181,26288.107133278885,1.2186884781338365
2021-03-19,4,78,144.93388062596648,176,25508.3629901701,1.2329859988801941
2021-03-20,5,79,144.9158747979682,152,22027.212969291166,1.1933634074734847
2021-03-21,6,80,145.19025858913668,172,24972.724477331507,1.1297248015627595
2021-03-22,0,81,144.9070890092304,167,24199.483864541475,1.090032638437839
2021-03-23,1,82,145.0518864816955,164,23788.50938299806,1.1041910363633762
2021-03-24,2,83,144.8995593441558,174,25212.523325883107,1.1615273812792921
2021-03-25,3,84,144.67179071851635,189,27342.96844579959,1.2188290483084534
2021-03-26,4,85,144.64104410065207,191,27626.439423224543,1.2328834228495336
2021-03-27,5,86,144.34364997717276,176,25404.482395982406,1.1930179216668244
2021-03-28,6,87,144.18460310832577,170,24511.382528415383,1.1291367143887865
2021-03-29,0,88,143.84048865493946,186,26754.33088981874,1.0892023301932605
2021-03-30,1,89,144.40489536062356,168,24260.02242058476,1.1031189591202317
2021-03-31,2,90,144.41502552329396,158,22817.574032680444,1.1602140587509975
2021-04-01,3,91,144.21401533503268,166,23939.526545615427,1.2172750756945978
2021-04-02,4,92,144.27548535670476,177,25536.760908136745,1.2310894666595305
2021-04-03,5,93,144.24321687119513,208,30002.589109208588,1.1909847195223984
2021-04-04,6,94,144.1797389212064,169,24366.37587768388,1.126865074805394
2021-04-05,0,95,144.35617062562392,164,23674.411982602323,1.086693132340529
2021-04-06,1,96,144.5737799105031,169,24432.968804875025,1.1003731525614253
2021-04-07,2,97,144.4213828143047,166,23973.949547174583,1.15723266316164
2021-04-08,3,98,144.25596747409747,194,27985.65768997491,1.2140591805603371
2021-04-09,4,99,144.17695335671212,186,26816.913324348454,1.2276402309532872
2021-04-10,5,100,143.5156803269299,183,26263.36949982817,1.18730337136094
