data/processed/20725_timeseries.csv
date,day_of_week,day_of_year,price,demand,revenue,seasonal
2021-11-29,0,333,140.50200439645522,137,19248.774602314366,0.9601041294581896
2021-11-30,1,334,140.67609291118964,142,19976.00519338893,0.976296614915781
2021-12-01,2,335,140.3082638950102,164,23010.555278781674,1.03571236245734
2021-12-02,3,336,140.81236372394517,161,22670.79055955517,1.0951381310338726
2021-12-03,4,337,140.2142877392265,176,24677.714642103863,1.1113606766269077
2021-12-04,5,338,140.70162886095488,172,24200.68016408424,1.0737067735248689
2021-12-05,6,339,140.7622478612976,147,20692.050435610745,1.0120799360119648
2021-12-06,0,340,140.73446507990354,158,22236.04548262476,0.9744420252476206
2021-12-07,1,341,140.57792614145484,146,20524.377216652407,0.9906965507772011
2021-12-08,2,342,140.6925859967429,166,23354.969275459323,1.0501702774127615
2021-12-09,3,343,140.68177467354093,200,28136.354934708186,1.1096499469248484
2021-12-10,4,344,140.99872027075006,183,25802.76580954726,1.1259222993229825
2021-12-11,5,345,141.03153445416905,155,21859.8878403962,1.0883140941367604
2021-12-12,6,346,141.0747116501157,166,23418.402133919204,1.0267288321091153
2021-12-13,0,347,140.97025674830581,149,21004.568255497565,0.989128362079761
2021-12-14,1,348,140.95389797559557,158,22270.7158801441,1.0054161824995498
2021-12-15,2,349,141.0423202080359,162,22848.855873701817,1.0649190483145516
2021-12-16,3,350,140.55104003225293,170,23893.676805483,1.1244236926607454
2021-12-17,4,351,140.16374672593048,163,22846.69071632667,1.1407168481470686
2021-12-18,5,352,140.37726424638785,150,21056.58963695818,1.103125268138713
2021-12-19,6,353,140.42634877095233,182,25557.595476313323,1.0415524484522125
2021-12-20,0,354,140.37349586698534,146,20494.53039657986,1.0039602342403462
2021-12-21,1,355,140.37879138403244,166,23302.879369749386,1.020252121507591
2021-12-22,2,356,140.47864120118626,170,23881.369004201664,1.0797548639949222
2021-12-23,3,357,140.3235844057493,182,25538.892361846374,1.1392551948748586
2021-12-24,4,358,140.10000076103324,188,26338.80014307425,1.1555398480345274
2021-12-25,5,359,140.156261239103,161,22565.158059495585,1.117935579358525
2021-12-26,6,360,139.87520403313903,173,24198.41029773305,1.0563458884233168
2021-12-27,0,361,139.99248282653298,148,20718.88745832688,1.0187326253809963
2021-12-28,1,362,139.5033815333698,152,21204.51399307221,1.0349992924732645
2021-12-29,2,363,139.79902713446054,144,20131.05990736232,1.0944726509143794
2021-12-30,3,364,139.93479024131685,189,26447.675355608884,1.153939442583988
2021-12-31,4,365,140.0083399183074,188,26321.56790464179,1.1701864113076061
2022-01-01,5,1,140.29063761566056,188,26374.639871744184,1.13254032413654
2022-01-02,6,2,140.76907855828995,190,26746.124926075092,1.0709046930389854
2022-01-03,0,3,141.0604767071453,147,20735.89007595036,1.0332413817800994
2022-01-04,1,4,140.53164865731912,172,24171.44356905889,1.0494539074319407
2022-01-05,2,5,140.1640645060478,173,24248.38315954627,1.108869047252046
2022-01-06,3,6,139.98457283610415,176,24637.28481915433,1.1682735603714924
2022-01-07,4,7,139.99206801364863,187,26178.516718552295,1.1844542090702779
2022-01-08,5,8,140.14077595122,168,23543.65035980496,1.1467377800517695
2022-01-09,6,9,139.93229148288904,188,26307.270798783138,1.0850278061279646
2022-01-10,0,10,139.98594398241875,174,24357.554252940863,1.0472861730934044
2022-01-11,1,11,139.76894508255396,170,23760.720664034172,1.0634164212285806
2022-01-12,2,12,139.59327432694982,183,25545.56920183182,1.1227453521716346
2022-01-13,3,13,139.18918271006925,182,25332.431253232604,1.1820597505991952
2022-01-14,4,14,138.92396544059707,214,29729.728604287775,1.1981464054941895
2022-01-15,5,15,138.53566692361957,196,27152.990717029435,1.1603321314123707
2022-01-16,6,16,138.2553277562468,170,23503.405718561957,1.0985204901593448
2022-01-17,0,17,138.5580074977696,158,21892.165184647598,1.0606733976558753
2022-01-18,1,18,138.28527362255807,142,19636.508854403244,1.0766944254323707
2022-01-19,2,19,139.04147817474976,202,28086.37859129945,1.1359104074913235
2022-01-20,3,20,139.18319363745056,198,27558.27234021521,1.1951081619785542
2022-01-21,4,21,139.23629152168803,195,27151.076846729167,1.2110745124411069
2022-01-22,5,22,138.9897110311686,168,23350.271453236328,1.1731363090835334
2022-01-23,6,23,139.19088909184143,149,20739.442474684372,1.111197150434358
2022-01-24,0,24,139.02552557929158,174,24190.441450796734,1.0732189902005007
2022-01-25,1,25,139.060575345995,183,25448.085288317085,1.0891054387505628
2022-01-26,2,26,139.79601098343315,159,22227.56574636587,1.1481833699657908
2022-01-27,3,27,139.768415850331,180,25158.31485305958,1.207239642899415
2022-01-28,4,28,140.09856766706713,190,26618.727856742753,1.2230611230225292
2022-01-29,5,29,139.8965661336359,178,24901.588771787192,1.1849747034678977
2022-01-30,6,30,139.8865149878917,189,26438.551332711533,1.1228840266837061
2022-01-31,0,31,140.39521299171818,160,22463.23407867491,1.0847510912749678
2022-02-01,1,32,140.21510412777081,201,28183.235929681934,1.100479553473506
2022-02-02,2,33,140.73576633272896,173,24347.28757556211,1.1593963339753195
2022-02-03,3,34,140.93908227328447,216,30442.841771029445,1.2182883395860906
2022-02-04,4,35,140.7775024091495,170,23932.175409555413,1.2339424844528613
2022-02-05,5,36,140.95917421792797,187,26359.36557875253,1.1956857112934491
2022-02-06,6,37,141.23855999246499,161,22739.408158786864,1.133421713035467
2022-02-07,0,38,141.41718737726137,175,24748.00779102074,1.0951125396428432
2022-02-08,1,39,140.9661088286699,188,26501.62845978994,1.1106618995705129
2022-02-09,2,40,140.75722408896152,178,25054.78588783515,1.169396766586344
2022-02-10,3,41,140.68611939581817,174,24479.38477487236,1.2281041014009118
2022-02-11,4,42,140.6647369002175,178,25038.323168238712,1.2435708728831985
2022-02-12,5,43,140.8430374105635,175,24647.531546848615,1.2051240792738003
2022-02-13,6,44,140.89408558766124,162,22824.84186520112,1.1426674698074886
2022-02-14,0,45,140.51048113438353,179,25151.37612305465,1.10416315152305
2022-02-15,1,46,140.61970059363475,174,24467.827903292447,1.1195148907010626
2022-02-16,2,47,140.7951035969657,159,22386.421471917547,1.1780497196686812
2022-02-17,3,48,140.95591463220765,180,25372.064633797378,1.2365546584120966
2022-02-18,4,49,141.26639057546168,172,24297.81917897941,1.2518167357745904
2022-02-19,5,50,141.50595144235368,187,26461.612919720137,1.2131630106520508
2022-02-20,6,51,141.6378601309998,166,23511.88478174597,1.1504972935975142
2022-02-21,0,52,141.61770362289957,167,23650.156505024228,1.1117817536128793
2022-02-22,1,53,141.14055927682801,178,25123.019551275385,1.126920219568262
2022-02-23,2,54,141.26397572816774,179,25286.251655342025,1.1852397869882707
2022-02-24,3,55,141.32363818240066,193,27275.462169203325,1.2435275396457368
2022-02-25,4,56,141.4016546511,202,28563.1342395222,1.2585705707408685
2022-02-26,5,57,141.034883011855,188,26514.558006228737,1.219696004077695
2022-02-27,6,58,140.72432783525153,196,27581.9682557093,1.156807715649385
2022-02-28,0,59,141.0268671180107,174,24538.67487853386,1.117867940410496
2022-03-01,1,60,141.0155041066118,179,25241.77523508351,1.1327805736769203
2022-03-02,2,61,141.21127885244331,177,24994.396356882466,1.190872777892359
2022-03-03,3,62,141.2194138740371,200,28243.882774807418,1.2489317042022685
2022-03-04,4,63,141.22796192199826,190,26833.312765179668,1.2637445136130416
2022-03-05,5,64,141.49750276669724,175,24762.06298417202,1.22463839814836
2022-03-06,6,65,141.34925856695696,176,24877.469507784426,1.1615173024142995
2022-03-07,0,66,141.37687118826065,185,26154.72116982822,1.1223435303512466
2022-03-08,1,67,141.24407333860427,174,24576.46876091714,1.1370210466134023
2022-03-09,2,68,141.1192555815304,189,26671.53930490925,1.1948770833147124
2022-03-10,3,69,141.0304396872494,183,25808.570462766642,1.2526988615821597
2022-03-11,4,70,141.09425206902665,205,28924.321674150462,1.267273612694235
2022-03-12,5,71,140.95672192403237,205,28896.127994426635,1.227928599216415
2022-03-13,6,72,141.31746306084753,195,27556.90529686527,1.1645678365454175
2022-03-14,0,73,141.06046916797808,167,23557.09835105234,1.1251536996401141
2022-03-15,1,74,141.00678653965525,174,24535.180857900014,1.1395902243799976
2022-03-16,2,75,140.8804649724144,201,28316.97345945529,1.1972047142900033
2022-03-17,3,76,141.29613839523742,192,27128.858571885583,1.254784462072642
2022-03-18,4,77,141.3526026975659,191,26998.34711523509,1.2691167707252589
2022-03-19,5,78,141.64902073973508,210,29746.294355344366,1.2295289746542597
2022-03-20,6,79,141.22226372309527,175,24713.89615154167,1.1659251611980928
2022-03-21,0,80,141.29897926884064,213,30096.682584263057,1.126267777336826
2022-03-22,1,81,141.55454356036452,181,25621.372384425977,1.1404609310292646
2022-03-23,2,82,141.5781812868533,179,25342.49445034674,1.19783199791644
2022-03-24,3,83,141.88426189751308,195,27667.431070015053,1.2551683428323535
2022-03-25,4,84,141.73566041371356,183,25937.625855709583,1.2692573408998769
2022-03-26,5,85,142.1405237366043,183,26011.71584379859,1.2294263986235998
2022-03-27,6,86,142.80092833718538,173,24704.560602333073,1.1655796753914327
2022-03-28,0,87,142.69669568236668,181,25828.101918508368,1.1256796901628519
2022-03-29,1,88,142.5687161465705,182,25947.50633867583,1.139630622784685
2022-03-30,2,89,142.98622999167753,170,24307.65909858518,1.1967599206732948
2022-03-31,3,90,143.4399937758456,190,27253.598817410664,1.2538550203040555
2022-04-01,4,91,143.28979174477502,206,29517.697099423654,1.2677033682860244
2022-04-02,5,92,143.16908465285883,189,27058.956999390317,1.227632442433599
2022-04-03,6,93,143.0881363715268,188,26900.569637847035,1.1635464732470069
2022-04-04,0,94,142.70191599332978,183,26114.450626779348,1.1234080505794624
2022-04-05,1,95,142.43801479407358,187,26635.90876649176,1.1371214249319535
2022-04-06,2,96,142.14955521633897,166,23596.82616591227,1.194014114114485
2022-04-07,3,97,141.92898996418617,197,27960.011022944676,1.2508736247146985
2022-04-08,4,98,141.91902603452544,179,25403.505660180053,1.264487473151765
2022-04-09,5,99,141.98630891465913,207,29391.16594533444,1.2241832067273566
2022-04-10,6,100,142.43172128336627,199,28343.91253538989,1.159865125085548
2022-04-11,0,101,142.14492405875737,175,24875.36171028254,1.119495886859483
2022-04-12,1,102,142.42769041265979,192,27346.11655923068,1.132979810945787
2022-04-13,2,103,142.36621782466312,187,26622.482733212004,1.189644483145525
2022-04-14,3,104,142.35200838185196,190,27046.881592551872,1.2462774776126873
2022-04-15,4,105,142.5458638174669,183,26085.893078596444,1.2596663778880646
2022-04-16,5,106,142.22333939561645,179,25457.977751815346,1.2191387979303303
2022-04-17,6,107,142.33319426612692,165,23484.97705391094,1.154599103556181
2022-04-18,0,108,142.38101100187149,191,27194.773101357452,1.114010019067396
2022-04-19,1,109,142.52247750574637,159,22661.07392341367,1.1272759285057792
2022-04-20,2,110,142.60554699926524,189,26952.44838286113,1.1837244822748594
2022-04-21,3,111,143.31088121636043,203,29092.108886921167,1.2401433185691686
2022-04-22,4,112,143.1276776131877,204,29198.046233090292,1.2533200843891918
2022-04-23,5,113,142.97513808637052,193,27594.20165066951,1.2125824565536174
2022-04-24,6,114,142.79612847031518,202,28844.817951003668,1.1478348631208617
2022-04-25,0,115,142.6365565252855,162,23107.12215709625,1.1070400899976813
2022-04-26,1,116,142.45345428734828,158,22507.645777401027,1.1201025821758623
2022-04-27,2,117,142.79502313689528,168,23989.563886998407,1.1763500503358593
2022-04-28,3,118,143.20309147662692,178,25490.150282839593,1.23257019225821
2022-04-29,4,119,143.03913315490567,204,29179.98316360076,1.24555071382083
2022-04-30,5,120,142.80002231995837,195,27846.004352391883,1.2046193499938227
2022-05-01,6,121,142.93544589485475,152,21726.187776017923,1.139680586243736
2022-05-02,0,122,142.77680874810903,163,23272.619825941772,1.0986972651252407
2022-05-03,1,123,142.9586311090068,159,22730.42234633208,1.1115738875009564
2022-05-04,2,124,143.0169248172652,171,24455.894143752346,1.167638219128572
2022-05-05,3,125,142.58149691527882,206,29371.788364547436,1.223678012055933
2022-05-06,4,126,143.02604882642336,203,29034.287911763942,1.2364810256022538
2022-05-07,5,127,143.5419507122912,171,24545.673571801795,1.1953750473370932
2022-05-08,6,128,143.36591486876156,147,21074.78948570795,1.1302646144690172
2022-05-09,0,129,143.2545398186001,175,25069.54446825502,1.0891126204219814
2022-05-10,1,130,143.33666038638083,157,22503.85568066179,1.1018236160400239
2022-05-11,2,131,143.43273980831506,172,24670.431247030192,1.1577254161596038
2022-05-12,3,132,143.6219198606589,196,28149.896292689144,1.213605820990183
2022-05-13,4,133,144.19939143796407,178,25667.491675957604,1.2262526370810862
2022-05-14,5,134,144.148559797407,168,24216.958045964373,1.1849936982865612
2022-05-15,6,135,143.9192329005307,180,25905.461922095525,1.119733587140692
2022-05-16,0,136,143.5229957839347,174,24973.001266404637,1.0784352414203167
2022-05-17,1,137,143.31302146792603,180,25796.343864226685,1.091003255336641
2022-05-18,2,138,143.30350508046007,177,25364.720399241432,1.1467654860946892
2022-05-19,3,139,143.81902782455205,199,28619.986537085857,1.202509775261338
2022-05-20,4,140,143.67033359591957,195,28015.715051204315,1.2150239697199203
2022-05-21,5,141,143.73462117408516,186,26734.63953837984,1.1736359426233347
2022-05-22,6,142,143.72990336775445,157,22565.59482873745,1.108250314757321
2022-05-23,0,143,144.07129317403658,155,22331.05044197567,1.0668300610920094
2022-05-24,1,144,144.7972052021769,175,25339.51091038096,1.079279811962583
2022-05-25,2,145,144.64470249823393,175,25312.822937190936,1.1349274596179528
2022-05-26,3,146,144.50410120049742,178,25721.73001368854,1.1905608795784413
2022-05-27,4,147,144.80405735770094,188,27223.162783247775,1.2029679515803202
2022-05-28,5,148,144.99994436644639,202,29289.98876202217,1.1614765805191831
2022-05-29,6,149,145.53044808964873,164,23866.99348670239,1.095991417803816
2022-05-30,0,150,145.69819317414647,165,24040.201873734168,1.0544754678986723
2022-05-31,1,151,145.59497931387563,151,21984.84187639522,1.0668333894957978
2022-06-01,2,152,145.76465676218749,173,25217.285619858434,1.1223931020551
2022-06-02,3,153,146.0831541056648,162,23665.470965117696,1.1779425071539638
2022-06-03,4,154,146.3188540706134,176,25752.11831642796,1.1902695094240894
2022-06-04,5,155,146.4645787116737,186,27242.41164037131,1.1487020374874428
2022-06-05,6,156,146.77100241313772,165,24217.215398167726,1.0831447653031552
2022-06-06,0,157,147.1069060268889,169,24861.067118544226,1.0415607187032718
2022-06-07,1,158,147.50395892237722,156,23010.61759189085,1.0538545765583558
2022-06-08,2,159,147.69031385033384,149,22005.856763699743,1.1093542773117788
2022-06-09,3,160,147.64230582947044,164,24213.338156033155,1.1648477403237179
2022-06-10,4,161,147.6844522788904,177,26140.148053363602,1.177122886802725
2022-06-11,5,162,148.03104618139446,162,23981.029481385904,1.1355076607367611
2022-06-12,6,163,147.79636502264464,137,20248.102008102316,1.0699067502355313
2022-06-13,0,164,147.90227382599247,169,24995.484276592728,1.0282831940620583
2022-06-14,1,165,147.78927936200157,160,23646.28469792025,1.0405416827944387
2022-06-15,2,166,147.79753688899416,178,26307.96156624096,1.096010165356686
2022-06-16,3,167,148.16479783153568,157,23261.873259551103,1.151476570359599
2022-06-17,4,168,148.21969487216157,163,24159.810264162337,1.1637288270296016
2022-06-18,5,169,148.23303470210982,185,27423.111419890316,1.1220948861373987
2022-06-19,6,170,147.84238874768286,171,25281.048475853768,1.0564794413383003
2022-06-20,0,171,148.05676505394064,144,21320.17416776745,1.0148455357021562
2022-06-21,1,172,148.2421933330141,131,19419.727326624845,1.0270978628738325
2022-06-22,2,173,148.8636316459266,136,20245.453903846017,1.0825643736031474
2022-06-23,3,174,148.77521617408232,156,23208.933723156842,1.1380329970851963
2022-06-24,4,175,148.83817150173306,160,23814.10744027729,1.150291661889022
2022-06-25,5,176,148.90981196737195,149,22187.56198313842,1.1086683168864535
2022-06-26,6,177,149.36296706478768,145,21657.630224394215,1.0430676525930167
2022-06-27,0,178,149.33559151153608,141,21056.31840312659,1.0014527076987743
2022-06-28,1,179,149.4157460418246,138,20619.372953771795,1.0137281702301224
2022-06-29,2,180,149.59037650829433,147,21989.785346719265,1.069221984081367
2022-06-30,3,181,149.64398372219244,171,25589.121216494907,1.1247220703570957
2022-07-01,4,182,149.5157367112118,155,23174.939190237827,1.137016348303247
2022-07-02,5,183,149.57149295500523,145,21687.866478475757,1.0954327562387125
2022-07-03,6,184,149.8799152115866,166,24880.065925123374,1.0298759728993678
2022-07-04,0,185,149.58502810052548,124,18548.54348446516,0.9883090239724022
2022-07-05,1,186,149.62322630671918,139,20797.628456633964,1.0006365832619575
2022-07-06,2,187,149.42210255860786,167,24953.491127287514,1.0561865792249627
2022-07-07,3,188,149.76540367471316,166,24861.057010002383,1.1117469163180211
2022-07-08,4,189,149.32783768206255,149,22249.84781462732,1.1241054959334589
2022-07-09,5,190,149.16727616978366,150,22375.091425467548,1.0825902373361935
2022-07-10,6,191,149.27563784754875,128,19107.28164448624,1.017105799013419
2022-07-11,0,192,149.7253660284561,136,20362.64977987003,0.9756151852149344
2022-07-12,1,193,149.70647794705056,119,17815.070875699017,0.988023047125137
2022-07-13,2,194,149.5469857460254,151,22581.594847649834,1.043657289405557
2022-07-14,3,195,150.08738584914886,163,24464.243893411265,1.0993057915487963
2022-07-15,4,196,149.67141480992998,156,23348.740710349077,1.1117564288219723
2022-07-16,5,197,149.03976369211057,175,26081.95864611935,1.07033709321134
2022-07-17,6,198,149.1661666693247,136,20286.59866702816,1.0049524147800175
2022-07-18,0,199,149.021941522461,150,22353.291228369148,0.9635653682168185
2022-07-19,1,200,148.72857191039844,143,21268.18578318698,0.9760805740169262
2022-07-20,2,201,148.93206150910729,147,21893.01304183877,1.0318259050335608
