data/processed/20725_timeseries.csv
date,day_of_week,day_of_year,price,demand,revenue,seasonal
2022-07-21,3,202,149.00209815463987,156,23244.32731212382,1.087589207841334
2022-07-22,4,203,148.8400552528685,160,23814.40884045896,1.1001583236894494
2022-07-23,5,204,148.4722621321819,139,20637.644436373284,1.058861109456401
2022-07-24,6,205,148.72289300072157,174,25877.78338212555,0.9936021590180997
2022-07-25,0,206,148.90967633175111,142,21145.174039108657,0.9523444098074619
2022-07-26,1,207,148.8811860754698,141,20992.24723664124,0.9649924440060631
2022-07-27,2,208,149.41166959505838,139,20768.222073713114,1.0208740951071906
2022-07-28,3,209,149.1042662806475,153,22812.952740939065,1.0767771692908958
2022-07-29,4,210,148.66602857414364,145,21556.57414325083,1.089489466389084
2022-07-30,5,211,148.46726410179312,142,21082.35150245462,1.0483388008525674
2022-07-31,6,212,148.45416860416577,134,19892.858592958215,0.9832297231317259
2022-08-01,0,213,148.52407274223285,151,22427.134984077158,0.9421251262489355
2022-08-02,1,214,148.45477284555733,143,21229.032516914696,0.9549295470034391
2022-08-03,2,215,148.5559078202344,144,21392.050726113754,1.0109707725478136
2022-08-04,3,216,148.19637801547614,153,22674.045836367848,1.0670365617767597
2022-08-05,4,217,148.61112835908207,161,23926.391665812214,1.0799146663062023
2022-08-06,5,218,148.5875287851835,165,24516.94224955528,1.0389328514546325
2022-08-07,6,219,148.90849442511765,149,22187.36566934253,0.973995617638335
2022-08-08,0,220,149.00694915573757,127,18923.882542778672,0.9330658069586047
2022-08-09,1,221,149.13816068014586,130,19387.960888418962,0.9460479044217852
2022-08-10,2,222,149.30183776059582,158,23589.690366174138,1.0022696445310026
2022-08-11,3,223,149.4304510252365,165,24656.024419164023,1.0585187326905965
2022-08-12,4,224,149.61508603065658,155,23190.33833475177,1.0715828662010631
2022-08-13,5,225,149.99691175697086,131,19649.595440163183,1.03078975525649
2022-08-14,6,226,150.05336640506903,162,24308.645357621182,0.9660438443561207
2022-08-15,0,227,150.2570419566431,128,19232.901370450316,0.9253079189081417
2022-08-16,1,228,150.23126357841278,136,20431.45184666414,0.9384864064665182
2022-08-17,2,229,150.64496613647202,154,23199.32478501669,0.9949069833397539
2022-08-18,3,230,150.45065887966572,153,23018.950808588856,1.0513572960125595
2022-08-19,4,231,150.96801514484653,165,24909.72249889968,1.0646249821582776
2022-08-20,5,232,150.9564789679786,162,24454.949592812533,1.0240376916539395
2022-08-21,6,233,150.54546011937123,134,20173.091655995744,0.9594998080097634
2022-08-22,0,234,150.58226068225508,138,20780.351974151203,0.9189740549909707
2022-08-23,1,235,150.38661493214167,136,20452.579630771266,0.932364797872896
2022-08-24,2,236,150.62810665441378,117,17623.488478566414,0.9889996500682058
2022-08-25,3,237,150.44062732509826,154,23167.856608065133,1.0456661945672063
2022-08-26,4,238,150.31245218372482,168,25252.491966865768,1.0591520049690877
2022-08-27,5,239,149.76964370566262,139,20817.980475087104,1.0187846665159614
2022-08-28,6,240,149.63970964245422,148,22146.677027083224,0.9544684975415019
2022-08-29,0,241,148.9434016842577,138,20554.189432427564,0.9141661561120875
2022-08-30,1,242,148.48839382603362,124,18412.560834428168,0.9277819413013786
2022-08-31,2,243,148.70683818949084,156,23198.26675756057,0.9846433998371502
2022-09-01,3,244,148.9325750477616,163,24276.00973278514,1.0415380475613598
2022-09-02,4,245,149.05479626681782,166,24743.09618029176,1.0552533904812882
2022-09-03,5,246,148.7770129727198,156,23209.21402374429,1.015116945823608
2022-09-04,6,247,148.76330692860572,162,24099.655722434127,0.9510329635031768
2022-09-05,0,248,148.7622720269871,112,16661.374467022553,0.9109640327844591
2022-09-06,1,249,148.42950853388845,149,22115.99677154938,0.9248143835764793
2022-09-07,2,250,148.86138985337456,155,23073.515427273058,0.9819114931001688
2022-09-08,3,251,149.11342977072434,147,21919.674176296478,1.0390428073690094
2022-09-09,4,252,149.04995337937777,178,26530.891701529243,1.0529957622608779
2022-09-10,5,253,149.0576768759434,153,22805.82456201934,1.0130978045928891
2022-09-11,6,254,149.11753901756535,133,19832.63268933619,0.949253113611059
2022-09-12,0,255,148.5310097205857,142,21091.40338032317,0.9094242076726634
2022-09-13,1,256,148.46000305922084,143,21229.78043746858,0.9235152455622104
2022-09-14,2,257,148.2640894037725,139,20608.708427124377,0.9808536331798436
2022-09-15,3,258,147.97635396401003,151,22344.429448565515,1.0382267450431348
2022-09-16,4,259,147.89560226616865,150,22184.340339925297,1.0524219453801182
2022-09-17,5,260,148.41202378156189,173,25675.280114210207,1.0127666092253553
2022-09-18,6,261,148.59611874839928,135,20060.4760310339,0.9491648439308791
2022-09-19,0,262,148.43203612606283,111,16475.956009992973,0.9095790958698401
2022-09-20,1,263,148.59652201568798,123,18277.37220792962,0.9239134517738111
2022-09-21,2,264,148.9985149351109,142,21157.78912078575,0.9814952454425597
2022-09-22,3,265,149.26413450814638,143,21344.77123466493,1.039111779267194
2022-09-23,4,266,149.28126452805682,160,23885.00232448909,1.053550345344567
2022-09-24,5,267,149.09541896148198,158,23557.076195914153,1.0141382465947175
2022-09-25,6,268,149.29599761427474,158,23588.76762305541,0.950779518293186
2022-09-26,0,269,149.4090341843272,143,21365.49188835879,0.9114365347960167
2022-09-27,1,270,149.66619639384024,141,21102.933691531474,0.9260133108983981
2022-09-28,2,271,149.84866223505367,140,20978.812712907515,0.9838371085657777
2022-09-29,3,272,150.15016730595175,170,25525.528442011797,1.0416951584782412
2022-09-30,4,273,149.9964102549211,147,22049.472307473403,1.0563746811662167
2022-10-01,5,274,150.37485812644027,140,21052.480137701637,1.0172029081490985
2022-10-02,6,275,150.43162257662235,127,19104.816067231037,0.9540838034887248
2022-10-03,0,276,151.02778289082104,130,19633.611775806734,0.9149796705354835
2022-10-04,1,277,150.82979986536438,119,17948.74618397836,0.9297944533079927
2022-10-05,2,278,151.32849029025704,144,21791.30260179701,0.9878553432451882
2022-10-06,3,279,151.38534413278293,151,22859.186964050223,1.0459495007715993
2022-10-07,4,280,151.19821124417496,157,23738.11916533547,1.0608640764538726
2022-10-08,5,281,151.05920533187188,135,20392.992719802704,1.0219262321601337
2022-10-09,6,282,150.9671791416107,141,21286.37225896711,0.9590398626340603
2022-10-10,0,283,151.08902931823906,128,19339.3957527346,0.9201672022616403
2022-10-11,1,284,151.23922429995582,141,21324.73062629377,0.9352121264711526
2022-10-12,2,285,151.07441746573303,157,23718.683542120085,0.9935017585056537
2022-10-13,3,286,151.067421120567,158,23868.652537049584,1.051823191008451
2022-10-14,4,287,151.68283125378701,151,22904.10751932184,1.0669635071997126
2022-10-15,5,288,152.1791026829188,160,24348.65642926701,1.0282498020557833
2022-10-16,6,289,152.30444540943404,142,21627.231248139633,0.9655859039030846
2022-10-17,0,290,152.3153626708657,123,18734.789608516483,0.926933981204515
2022-10-18,1,291,152.34984407722476,139,21176.62832673424,0.9421978439790242
2022-10-19,2,292,152.52608942170852,145,22116.282966147734,1.0007045505934398
2022-10-20,3,293,152.23227174072588,139,21160.2857719609,1.059241129367212
2022-10-21,4,294,152.15833516752602,147,22367.275269626323,1.0745945997679995
2022-10-22,5,295,151.6790009214698,147,22296.81313545606,1.0360919936099628
2022-10-23,6,296,151.79368577162393,114,17304.480177965128,0.9736370766663365
2022-10-24,0,297,151.9796057876811,142,21581.104021850715,0.9351919554743771
2022-10-25,1,298,151.84080078394362,127,19283.78169956084,0.950660378773285
2022-10-26,2,299,152.29296005496604,136,20711.84256747538,1.0093693443141911
2022-10-27,3,300,151.94083428011587,149,22639.184307737265,1.0681058204828608
2022-10-28,4,301,151.52016322125945,170,25758.427747614107,1.0836567675130409
2022-10-29,5,302,151.58464150851492,146,22131.35766024318,1.0453491587023023
2022-10-30,6,303,151.88544150012874,154,23390.357991019824,0.9830867020419648
2022-10-31,0,304,152.36918350811902,125,19046.147938514878,0.9448314470391261
2022-11-01,1,305,152.2373597986561,137,20856.518292415883,0.960487086171562
2022-11-02,2,306,152.54723250577507,160,24407.557200924013,1.0193805617143035
2022-11-03,3,307,152.5361701754533,151,23032.961696493447,1.0782987873788266
2022-11-04,4,308,152.48657952074115,171,26075.205098046736,1.0940286695425616
2022-11-05,5,309,152.74042856349325,150,22911.06428452399,1.055897128480751
2022-11-06,6,310,152.9278213955385,165,25233.090530263853,0.9938078200120439
2022-11-07,0,311,152.47497112692662,160,24395.99538030826,0.955722742335992
2022-11-08,1,312,152.89913696093384,141,21558.77831149167,0.9715455375031525
2022-11-09,2,313,153.29559588624988,147,22534.452595278733,1.0306030982566121
2022-11-10,3,314,153.115890451814,142,21742.45644415759,1.089682289685845
2022-11-11,4,315,153.22959295638466,167,25589.34202371624,1.1055699704706865
2022-11-12,5,316,153.37151303735521,150,23005.72695560328,1.0675930141272176
2022-11-13,6,317,153.44639680555363,148,22710.066727221936,1.0056550306673029
2022-11-14,0,318,153.2883106113073,144,22073.51672802825,0.9677179734496282
2022-11-15,1,319,153.0953733264894,136,20820.97077240256,0.9836854406630956
2022-11-16,2,320,153.08803240699717,146,22350.852731421586,1.0428842821813427
2022-11-17,3,321,153.4249223420477,171,26235.661720490156,1.102101321229305
2022-11-18,4,322,153.58108239076077,155,23805.06777056792,1.1181233756395923
2022-11-19,5,323,153.4746159895591,136,20872.547774580038,1.0802772791104795
2022-11-20,6,324,153.69630192402425,142,21824.874873211444,1.0184666028772438
2022-11-21,0,325,152.87800091612496,146,22320.188133754244,0.9806532625746933
2022-11-22,1,326,153.20800690713475,139,21295.91296009173,0.9967408197317337
2022-11-23,2,327,152.70823922652494,138,21073.73701326044,1.0560560886367676
2022-11-24,3,328,152.6041207957505,129,19685.931582651814,1.1153858580147806
2022-11-25,4,329,152.28247315858633,149,22690.08850062936,1.1315169122939537
2022-11-26,5,330,151.91054993412126,160,24305.687989459402,1.093776052873546
2022-11-27,6,331,152.2440207143121,149,22684.3590864325,1.0320668198048075
2022-11-28,0,332,152.10966416241868,173,26314.971900098433,0.9943510986627487
2022-11-29,1,333,152.20920435311402,166,25266.727922616927,1.0105324220496155
2022-11-30,2,334,152.19572547563118,159,24199.12035062536,1.069937576468848
2022-12-01,3,335,152.3327650224151,173,26353.56834887781,1.1293533240104092
2022-12-02,4,336,152.35483365162503,172,26205.031388079504,1.1455664236252991
2022-12-03,5,337,151.98626839914226,169,25685.679359455044,1.107903652400972
2022-12-04,6,338,152.27246602756668,136,20709.05537974907,1.0462685272494694
2022-12-05,0,339,152.13062454458108,147,22363.201808053418,1.0086229117860235
2022-12-06,1,340,151.68346517005529,146,22145.785914828073,1.0248703178390468
2022-12-07,2,341,151.56048050232442,178,26977.765529413748,1.084337512330262
2022-12-08,3,342,151.9916038565606,180,27358.48869418091,1.143811238965823
2022-12-09,4,343,152.23584710694087,168,25575.622313966065,1.1600782395162712
2022-12-10,5,344,152.13568978757132,165,25102.388814949267,1.1224652750970499
2022-12-11,6,345,152.0353585060976,121,18396.27837923781,1.0608758478613685
2022-12-12,0,346,151.94296238582163,182,27653.619154219537,1.0232718078831806
2022-12-13,1,347,152.53954990246717,158,24101.24888458981,1.039556654671181
2022-12-14,2,348,152.64926852252572,164,25034.48003769422,1.0990571440526102
2022-12-15,3,349,152.77280661206896,194,29637.92448274138,1.1585600098676139
2022-12-16,4,350,153.06877620113193,180,27552.379716203748,1.174851985252169
2022-12-17,5,351,153.13737317703522,167,25573.94132056488,1.1372598239211367
2022-12-18,6,352,153.06295812441206,161,24643.136258030343,1.075687021863321
2022-12-19,0,353,153.0065526915976,173,26470.133615646384,1.0380954242262765
2022-12-20,1,354,152.9859837935509,156,23865.81347179394,1.054388526831765
2022-12-21,2,355,152.97529095945683,153,23405.219516796893,1.1138930830606506
2022-12-22,3,356,153.18431714169586,165,25275.412328379818,1.1733958255479848
2022-12-23,4,357,153.19923963939854,156,23899.081383746172,1.1896834874662892
2022-12-24,5,358,153.40970519791642,143,21937.587843302048,1.152082823808589
2022-12-25,6,359,153.38651774115215,137,21013.952930537846,1.0904973330831256
2022-12-26,0,360,153.40910727694705,157,24085.229842480687,1.052888864197378
2022-12-27,1,361,152.83508404756105,140,21396.911766658548,1.069160917972419
2022-12-28,2,362,153.09831755312442,151,23117.845950521787,1.128640254026332
2022-12-29,3,363,153.19785331818525,194,29720.383543727938,1.188113612467448
2022-12-30,4,364,153.48455174175007,143,21948.29089907026,1.2043677351754183
